
> iopic-functions@1.0.0 build
> rimraf dist && npm run type-check && concurrently --kill-others-on-fail -n "FUNCS,VITE" -c "magenta,cyan" "npm run build:functions" "npm run build:browser" && npm run wasm:optimize


> iopic-functions@1.0.0 type-check
> concurrently --kill-others-on-fail -n "APP,FUNC,NODE" -c "blue,green,gray" "npm run type-check:app" "tsc -p tsconfig.functions.json --noEmit --incremental" "tsc -p tsconfig.node.json --noEmit --incremental"

[APP] 
[APP] > iopic-functions@1.0.0 type-check:app
[APP] > vue-tsc -p tsconfig.app.json --noEmit --incremental --skipLibCheck
[APP] 
[NODE] tsc -p tsconfig.node.json --noEmit --incremental exited with code 0
[FUNC] tsc -p tsconfig.functions.json --noEmit --incremental exited with code 0
[APP] ReusableMandate.vue(2,38): error TS2307: Cannot find module '@/api' or its corresponding type declarations.
[APP] ReusableMandate.vue(367,22): error TS2339: Property 'redirectToCheckout' does not exist on type 'Stripe'.
[APP] ReusableMandate.vue(829,23): error TS2688: Cannot find type definition file for '../../../C:/IO/IC/node_modules/.vue-global-types/vue_3.5_0_0_0.d.ts'.
[APP] ReusableMandate.vue(852,23): error TS6307: File 'c:/IO/IC/Entity.ts' is not listed within the file list of project 'C:/IO/IC/tsconfig.app.json'. Projects must list all files or use an 'include' pattern.
[APP] src/authStore.ts(2,19): error TS2305: Module '"../useAuth"' has no exported member 'startAuthListener'.
[APP] src/BankAuthComponent.spec.ts(22,5): error TS2304: Cannot find name 'mockUser'.
[APP] src/BankAuthComponent.spec.ts(23,5): error TS2304: Cannot find name 'mockLinkedBanks'.
[APP] src/BankAuthComponent.spec.ts(34,5): error TS2304: Cannot find name 'mockUser'.
[APP] src/BankAuthComponent.spec.ts(42,12): error TS2304: Cannot find name 'mockInitiateBankLink'.
[APP] src/BankAuthComponent.spec.ts(46,12): error TS2304: Cannot find name 'mockBankLinkingIsLoading'.
[APP] src/BankAuthComponent.spec.ts(51,12): error TS2304: Cannot find name 'mockBankLinkingIsLoading'.
[APP] src/BankAuthComponent.spec.ts(52,12): error TS2304: Cannot find name 'mockLinkedBanks'.
[APP] src/BankAuthComponent.spec.ts(53,12): error TS2304: Cannot find name 'mockLinkedBanks'.
[APP] src/BankAuthComponent.spec.ts(61,5): error TS2304: Cannot find name 'mockUser'.
[APP] src/BankAuthComponent.spec.ts(62,5): error TS2304: Cannot find name 'mockLinkedBanks'.
[APP] src/BankAuthComponent.spec.ts(70,12): error TS2304: Cannot find name 'mockRemoveBankLink'.
[APP] src/BankAuthComponent.spec.ts(71,12): error TS2304: Cannot find name 'mockBankLinkingIsLoading'.
[APP] src/BankAuthComponent.spec.ts(76,12): error TS2304: Cannot find name 'mockBankLinkingIsLoading'.
[APP] src/BankAuthComponent.spec.ts(77,12): error TS2304: Cannot find name 'mockLinkedBanks'.
[APP] src/BankAuthComponent.spec.ts(83,5): error TS2304: Cannot find name 'mockUser'.
[APP] src/BankAuthComponent.spec.ts(100,5): error TS2304: Cannot find name 'mockUser'.
[APP] src/BankAuthComponent.spec.ts(101,5): error TS2304: Cannot find name 'mockBankLinkingIsLoading'.
[APP] src/BSMOLECULE.vue(8,61): error TS2339: Property 'contract' does not exist on type 'CoinX'.
[APP] src/BSMOLECULE.vue(9,61): error TS2339: Property 'contract' does not exist on type 'CoinX'.
[APP] src/BSMOLECULE.vue(14,22): error TS2339: Property 'contract' does not exist on type 'CoinX'.
[APP] src/BSMOLECULE.vue(14,45): error TS2339: Property 'contract' does not exist on type 'CoinX'.
[APP] src/BSMOLECULE.vue(15,47): error TS2339: Property 'contract' does not exist on type 'CoinX'.
[APP] src/BSMOLECULE.vue(19,22): error TS2339: Property 'contract' does not exist on type 'CoinX'.
[APP] src/BSMOLECULE.vue(19,46): error TS2339: Property 'contract' does not exist on type 'CoinX'.
[APP] src/BSMOLECULE.vue(20,42): error TS2339: Property 'contract' does not exist on type 'CoinX'.
[APP] src/BSMOLECULE.vue(27,49): error TS2339: Property 'contract' does not exist on type 'CoinX'.
[APP] src/BSMOLECULE.vue(28,71): error TS2339: Property 'contract' does not exist on type 'CoinX'.
[APP] src/BSMOLECULE.vue(29,46): error TS2339: Property 'contract' does not exist on type 'CoinX'.
[APP] src/BSMOLECULE.vue(30,46): error TS2339: Property 'contract' does not exist on type 'CoinX'.
[APP] src/BSMOLECULE.vue(31,45): error TS2339: Property 'contract' does not exist on type 'CoinX'.
[APP] src/BSMOLECULE.vue(32,46): error TS2339: Property 'contract' does not exist on type 'CoinX'.
[APP] src/BSMOLECULE.vue(33,46): error TS2339: Property 'contract' does not exist on type 'CoinX'.
[APP] src/BSMOLECULE.vue(38,56): error TS2339: Property 'identityValidated' does not exist on type 'CoinX'.
[APP] src/BSMOLECULE.vue(39,47): error TS2339: Property 'encrypted' does not exist on type 'CoinX'.
[APP] src/BSMOLECULE.vue(40,50): error TS2339: Property 'peerToPeer' does not exist on type 'CoinX'.
[APP] src/BSMOLECULE.vue(41,54): error TS2339: Property 'commerceEnabled' does not exist on type 'CoinX'.
[APP] src/BSMOLECULE.vue(42,56): error TS2339: Property 'trustedDataTypes' does not exist on type 'CoinX'.
[APP] src/BSMOLECULE.vue(56,17): error TS2339: Property 'contract' does not exist on type 'CoinX'.
[APP] src/BSMOLECULE.vue(57,72): error TS2339: Property 'contract' does not exist on type 'CoinX'.
[APP] src/BSMOLECULE.vue(61,23): error TS2339: Property 'contract' does not exist on type 'CoinX'.
[APP] src/BSMOLECULE.vue(132,28): error TS6307: File 'C:/IO/IC/coinxModel.ts' is not listed within the file list of project 'C:/IO/IC/tsconfig.app.json'. Projects must list all files or use an 'include' pattern.
[APP]   The file is in the program because:
[APP]     Imported via '../coinxModel' from file 'C:/IO/IC/src/BSMOLECULE.vue'
[APP]     Imported via '../coinxModel' from file 'C:/IO/IC/src/COINX.vue'
[APP] src/COINX.vue(8,49): error TS2339: Property 'contract' does not exist on type 'CoinX'.
[APP] src/COINX.vue(9,53): error TS2339: Property 'contract' does not exist on type 'CoinX'.
[APP] src/COINX.vue(10,52): error TS2339: Property 'contract' does not exist on type 'CoinX'.
[APP] src/COINX.vue(11,71): error TS2339: Property 'contract' does not exist on type 'CoinX'.
[APP] src/COINX.vue(12,46): error TS2339: Property 'contract' does not exist on type 'CoinX'.
[APP] src/COINX.vue(13,46): error TS2339: Property 'contract' does not exist on type 'CoinX'.
[APP] src/COINX.vue(14,45): error TS2339: Property 'contract' does not exist on type 'CoinX'.
[APP] src/COINX.vue(15,46): error TS2339: Property 'contract' does not exist on type 'CoinX'.
[APP] src/COINX.vue(16,46): error TS2339: Property 'contract' does not exist on type 'CoinX'.
[APP] src/COINX.vue(20,24): error TS2339: Property 'contract' does not exist on type 'CoinX'.
[APP] src/COINX.vue(20,47): error TS2339: Property 'contract' does not exist on type 'CoinX'.
[APP] src/COINX.vue(21,49): error TS2339: Property 'contract' does not exist on type 'CoinX'.
[APP] src/COINX.vue(23,24): error TS2339: Property 'contract' does not exist on type 'CoinX'.
[APP] src/COINX.vue(23,48): error TS2339: Property 'contract' does not exist on type 'CoinX'.
[APP] src/COINX.vue(24,44): error TS2339: Property 'contract' does not exist on type 'CoinX'.
[APP] src/COINX.vue(31,56): error TS2339: Property 'identityValidated' does not exist on type 'CoinX'.
[APP] src/COINX.vue(32,47): error TS2339: Property 'encrypted' does not exist on type 'CoinX'.
[APP] src/COINX.vue(33,50): error TS2339: Property 'peerToPeer' does not exist on type 'CoinX'.
[APP] src/COINX.vue(34,54): error TS2339: Property 'commerceEnabled' does not exist on type 'CoinX'.
[APP] src/COINX.vue(35,56): error TS2339: Property 'trustedDataTypes' does not exist on type 'CoinX'.
[APP] src/COINX.vue(42,22): error TS2305: Module '"../coinxModel"' has no exported member 'CoinXType'.
[APP] src/COINX.vue(49,23): error TS2339: Property 'contract' does not exist on type 'CoinX'.
[APP] src/COINX.vue(56,54): error TS2339: Property 'contract' does not exist on type 'CoinX'.
[APP] src/COINX.vue(59,23): error TS2339: Property 'contract' does not exist on type 'CoinX'.
[APP] src/components/App.vue(166,38): error TS2307: Cannot find module '@stores/notificationStore' or its corresponding type declarations.
[APP] src/components/Audio.vue(101,10): error TS2305: Module '"../../trustStore"' has no exported member 'useTrustStore'.
[APP] src/components/Audio.vue(226,31): error TS6307: File 'C:/IO/IC/trustStore.ts' is not listed within the file list of project 'C:/IO/IC/tsconfig.app.json'. Projects must list all files or use an 'include' pattern.
[APP]   The file is in the program because:
[APP]     Imported via '../../trustStore' from file 'C:/IO/IC/src/components/Audio.vue'
[APP]     Imported via '../../trustStore' from file 'C:/IO/IC/src/components/Video.vue'
[APP] src/components/AuditDashboard.vue(3,32): error TS2307: Cannot find module '@/directives/prefetch' or its corresponding type declarations.
[APP] src/components/BankLink.vue(5,26): error TS2551: Property 'hasLinkedBanks' does not exist on type 'Store<"bankLinking", Pick<{ linkedBanks: Ref<{ id: string; name: string; status: string; sessionId?: string | undefined; accountId?: string | undefined; }[], { id: string; name: string; status: string; sessionId?: string | undefined; accountId?: string | undefined; }[] | { ...; }[]>; ... 10 more ...; resetBankLinkin...'. Did you mean 'linkedBanks'?
[APP] src/components/BankLink.vue(19,32): error TS2339: Property 'isLoading' does not exist on type 'Store<"bankLinking", Pick<{ linkedBanks: Ref<{ id: string; name: string; status: string; sessionId?: string | undefined; accountId?: string | undefined; }[], { id: string; name: string; status: string; sessionId?: string | undefined; accountId?: string | undefined; }[] | { ...; }[]>; ... 10 more ...; resetBankLinkin...'.
[APP] src/components/BiometricGate.vue(121,34): error TS2307: Cannot find module '../useGlobalError' or its corresponding type declarations.
[APP] src/components/Buyer.vue(636,3): error TS2349: This expression is not callable.
[APP]   Type 'never' has no call signatures.
[APP] src/components/chat.ts(17,31): error TS2307: Cannot find module './error' or its corresponding type declarations.
[APP] src/components/ChatModal.vue(84,30): error TS2307: Cannot find module '../stores/chatStore' or its corresponding type declarations.
[APP] src/components/CheckoutStore.vue(74,50): error TS2307: Cannot find module '../config/anchorsData' or its corresponding type declarations.
[APP] src/components/Choreograph.vue(83,26): error TS7016: Could not find a declaration file for module 'vuex'. 'C:/IO/IC/node_modules/vuex/dist/vuex.mjs' implicitly has an 'any' type.
[APP]   There are types at 'C:/IO/IC/node_modules/vuex/types/index.d.ts', but this result could not be resolved when respecting package.json "exports". The 'vuex' library may need to update its package.json or typings.
[APP] src/components/Dic.vue(130,26): error TS2307: Cannot find module '@/api' or its corresponding type declarations.
[APP] src/components/EntityOrderTaker.vue(5,38): error TS2307: Cannot find module '@/api' or its corresponding type declarations.
[APP] src/components/EntityOrderTaker.vue(42,20): error TS2339: Property 'redirectToCheckout' does not exist on type 'Stripe'.
[APP] src/components/GroupChat.vue(13,76): error TS18047: '__VLS_ctx.user' is possibly 'null'.
[APP] src/components/GroupChat.vue(15,70): error TS18047: '__VLS_ctx.user' is possibly 'null'.
[APP] src/components/handlers.ts(1,45): error TS2307: Cannot find module 'msw' or its corresponding type declarations.
[APP] src/components/handlers.ts(14,44): error TS7031: Binding element 'query' implicitly has an 'any' type.
[APP] src/components/handlers.ts(14,51): error TS7031: Binding element 'variables' implicitly has an 'any' type.
[APP] src/components/handlers.ts(29,49): error TS7031: Binding element 'query' implicitly has an 'any' type.
[APP] src/components/handlers.ts(29,56): error TS7031: Binding element 'variables' implicitly has an 'any' type.
[APP] src/components/History.vue(68,33): error TS2307: Cannot find module '../stores/historyStore' or its corresponding type declarations.
[APP] src/components/ime/AdminDashBoard.vue(4,26): error TS2339: Property 'authReady' does not exist on type 'Store<"authStore", Pick<{ currentUser: ComputedRef<{ readonly emailVerified: boolean; readonly isAnonymous: boolean; readonly metadata: { readonly creationTime?: string | undefined; readonly lastSignInTime?: string | undefined; }; ... 13 more ...; readonly uid: string; } | null>; isInitialLoad: ComputedRef<...>; aut...'.
[APP] src/components/ime/AdminDashBoard.vue(4,50): error TS2339: Property 'isAdmin' does not exist on type 'Store<"authStore", Pick<{ currentUser: ComputedRef<{ readonly emailVerified: boolean; readonly isAnonymous: boolean; readonly metadata: { readonly creationTime?: string | undefined; readonly lastSignInTime?: string | undefined; }; ... 13 more ...; readonly uid: string; } | null>; isInitialLoad: ComputedRef<...>; aut...'.
[APP] src/components/ime/AdminDashBoard.vue(69,17): error TS2322: Type 'string | undefined' is not assignable to type 'string'.
[APP]   Type 'undefined' is not assignable to type 'string'.
[APP] src/components/ime/AdminDashBoard.vue(69,43): error TS2322: Type 'number | undefined' is not assignable to type 'number'.
[APP]   Type 'undefined' is not assignable to type 'number'.
[APP] src/components/ime/AdminDashBoard.vue(256,24): error TS2339: Property 'isSighted' does not exist on type 'Store<"authStore", Pick<{ currentUser: ComputedRef<{ readonly emailVerified: boolean; readonly isAnonymous: boolean; readonly metadata: { readonly creationTime?: string | undefined; readonly lastSignInTime?: string | undefined; }; ... 13 more ...; readonly uid: string; } | null>; isInitialLoad: ComputedRef<...>; aut...'.
[APP] src/components/ime/AdminDashBoard.vue(257,27): error TS2339: Property 'setSighted' does not exist on type 'Store<"authStore", Pick<{ currentUser: ComputedRef<{ readonly emailVerified: boolean; readonly isAnonymous: boolean; readonly metadata: { readonly creationTime?: string | undefined; readonly lastSignInTime?: string | undefined; }; ... 13 more ...; readonly uid: string; } | null>; isInitialLoad: ComputedRef<...>; aut...'.
[APP] src/components/ime/AdminDashBoard.vue(271,20): error TS2339: Property 'isSighted' does not exist on type 'Store<"authStore", Pick<{ currentUser: ComputedRef<{ readonly emailVerified: boolean; readonly isAnonymous: boolean; readonly metadata: { readonly creationTime?: string | undefined; readonly lastSignInTime?: string | undefined; }; ... 13 more ...; readonly uid: string; } | null>; isInitialLoad: ComputedRef<...>; aut...'.
[APP] src/components/ime/AdminDashBoard.vue(330,19): error TS2339: Property 'logout' does not exist on type 'Store<"authStore", Pick<{ currentUser: ComputedRef<{ readonly emailVerified: boolean; readonly isAnonymous: boolean; readonly metadata: { readonly creationTime?: string | undefined; readonly lastSignInTime?: string | undefined; }; ... 13 more ...; readonly uid: string; } | null>; isInitialLoad: ComputedRef<...>; aut...'.
[APP] src/components/index.ts(2,44): error TS7016: Could not find a declaration file for module 'vuex'. 'C:/IO/IC/node_modules/vuex/dist/vuex.mjs' implicitly has an 'any' type.
[APP]   There are types at 'C:/IO/IC/node_modules/vuex/types/index.d.ts', but this result could not be resolved when respecting package.json "exports". The 'vuex' library may need to update its package.json or typings.
[APP] src/components/IOPIC.vue(203,26): error TS6307: File 'C:/IO/IC/IoD.vue' is not listed within the file list of project 'C:/IO/IC/tsconfig.app.json'. Projects must list all files or use an 'include' pattern.
[APP] src/components/IopicAuthSetup.vue(54,9): error TS2339: Property 'lockBit' does not exist on type 'SystemBus'.
[APP] src/components/IopicAuthSetup.vue(54,18): error TS2339: Property 'isGlobalPurgeActive' does not exist on type 'SystemBus'.
[APP] src/components/IopicBorderDissolve.vue(41,10): error TS2305: Module '"../IopicDeEscalationEngine"' has no exported member 'IopicDeEscalation'.
[APP] src/components/IopicBorderDissolve.vue(46,9): error TS2339: Property 'triggerGlobalPurge' does not exist on type 'SystemBus'.
[APP] src/components/IopicBSMoleculeTerminal.vue(82,29): error TS2307: Cannot find module '../core/IopicKernel' or its corresponding type declarations.
[APP] src/components/IopicBSMoleculeTerminal.vue(83,28): error TS2307: Cannot find module '../core/BSMolecule' or its corresponding type declarations.
[APP] src/components/IopicBusContainer.vue(56,30): error TS7016: Could not find a declaration file for module '../composables/useSystemBus'. 'C:/IO/IC/src/composables/useSystemBus.js' implicitly has an 'any' type.
[APP] src/components/IopicChainPurge.spec.ts(2,29): error TS2307: Cannot find module '../IopicKernel' or its corresponding type declarations.
[APP] src/components/IopicChainPurge.spec.ts(3,33): error TS2307: Cannot find module '../IopicChainPurge' or its corresponding type declarations.
[APP] src/components/IopicCharter.vue(83,9): error TS2339: Property 'lockBit' does not exist on type 'SystemBus'.
[APP] src/components/IopicCitizenAuditUI.vue(356,27): error TS7006: Parameter 'event' implicitly has an 'any' type.
[APP] src/components/IopicCitizenAuditUI.vue(390,47): error TS2339: Property 'getTracks' does not exist on type 'MediaProvider'.
[APP]   Property 'getTracks' does not exist on type 'MediaSource'.
[APP] src/components/IopicCitizenAuditUI.vue(391,23): error TS7006: Parameter 't' implicitly has an 'any' type.
[APP] src/components/IopicCitizenAuditUI.vue(447,7): error TS18047: 'ws' is possibly 'null'.
[APP] src/components/IopicContactMesh.ts(19,21): error TS2769: No overload matches this call.
[APP]   Overload 1 of 3, '(firestore: Firestore, path: string, ...pathSegments: string[]): DocumentReference<DocumentData, DocumentData>', gave the following error.
[APP]     Argument of type 'Database' is not assignable to parameter of type 'Firestore'.
[APP]       Property 'toJSON' is missing in type 'Database' but required in type 'Firestore'.
[APP]   Overload 2 of 3, '(reference: CollectionReference<unknown, DocumentData>, path?: string | undefined, ...pathSegments: string[]): DocumentReference<unknown, DocumentData>', gave the following error.
[APP]     Argument of type 'Database' is not assignable to parameter of type 'CollectionReference<unknown, DocumentData>'.
[APP]       Type 'Database' is missing the following properties from type 'CollectionReference<unknown, DocumentData>': id, path, parent, withConverter, and 2 more.
[APP]   Overload 3 of 3, '(reference: DocumentReference<unknown, DocumentData>, path: string, ...pathSegments: string[]): DocumentReference<DocumentData, DocumentData>', gave the following error.
[APP]     Argument of type 'Database' is not assignable to parameter of type 'DocumentReference<unknown, DocumentData>'.
[APP]       Type 'Database' is missing the following properties from type 'DocumentReference<unknown, DocumentData>': converter, firestore, id, path, and 3 more.
[APP] src/components/IopicContactMesh.ts(30,30): error TS2769: No overload matches this call.
[APP]   Overload 1 of 3, '(firestore: Firestore, path: string, ...pathSegments: string[]): CollectionReference<DocumentData, DocumentData>', gave the following error.
[APP]     Argument of type 'Database' is not assignable to parameter of type 'Firestore'.
[APP]       Property 'toJSON' is missing in type 'Database' but required in type 'Firestore'.
[APP]   Overload 2 of 3, '(reference: CollectionReference<unknown, DocumentData>, path: string, ...pathSegments: string[]): CollectionReference<DocumentData, DocumentData>', gave the following error.
[APP]     Argument of type 'Database' is not assignable to parameter of type 'CollectionReference<unknown, DocumentData>'.
[APP]       Type 'Database' is missing the following properties from type 'CollectionReference<unknown, DocumentData>': id, path, parent, withConverter, and 2 more.
[APP]   Overload 3 of 3, '(reference: DocumentReference<unknown, DocumentData>, path: string, ...pathSegments: string[]): CollectionReference<DocumentData, DocumentData>', gave the following error.
[APP]     Argument of type 'Database' is not assignable to parameter of type 'DocumentReference<unknown, DocumentData>'.
[APP]       Type 'Database' is missing the following properties from type 'DocumentReference<unknown, DocumentData>': converter, firestore, id, path, and 3 more.
[APP] src/components/IopicEnergyMonitor.vue(163,5): error TS2339: Property 'isLowPower' does not exist on type 'SystemBus'.
[APP] src/components/IopicEnergyMonitor.vue(164,5): error TS2339: Property 'systemFriction' does not exist on type 'SystemBus'.
[APP] src/components/IopicEnergyMonitor.vue(165,5): error TS2339: Property 'energyProfile' does not exist on type 'SystemBus'.
[APP] src/components/IopicEnergyMonitor.vue(166,5): error TS2339: Property 'isStabilizing' does not exist on type 'SystemBus'.
[APP] src/components/IopicEnergyMonitor.vue(167,5): error TS2339: Property 'isBreached' does not exist on type 'SystemBus'.
[APP] src/components/IopicEnergyMonitor.vue(168,5): error TS2339: Property 'breachSeconds' does not exist on type 'SystemBus'.
[APP] src/components/IopicEnergyMonitor.vue(169,5): error TS2339: Property 'highContrastMode' does not exist on type 'SystemBus'.
[APP] src/components/IopicEnergyMonitor.vue(170,5): error TS2339: Property 'isScreenReaderDetected' does not exist on type 'SystemBus'.
[APP] src/components/IopicEnergyMonitor.vue(171,5): error TS2339: Property 'manualAccessibilityMode' does not exist on type 'SystemBus'.
[APP] src/components/IopicEnergyMonitor.vue(172,5): error TS2339: Property 'toggleAccessibilityMode' does not exist on type 'SystemBus'.
[APP] src/components/IopicEnergyMonitor.vue(173,5): error TS2339: Property 'voiceGuidanceActive' does not exist on type 'SystemBus'.
[APP] src/components/IopicEnergyMonitor.vue(174,5): error TS2339: Property 'toggleVoiceGuidance' does not exist on type 'SystemBus'.
[APP] src/components/IopicEnergyMonitor.vue(175,5): error TS2339: Property 'isFocusMode' does not exist on type 'SystemBus'.
[APP] src/components/IopicEnergyMonitor.vue(176,5): error TS2339: Property 'manualFocusMode' does not exist on type 'SystemBus'.
[APP] src/components/IopicEnergyMonitor.vue(177,5): error TS2339: Property 'toggleFocusMode' does not exist on type 'SystemBus'.
[APP] src/components/IopicEnergyMonitor.vue(178,5): error TS2339: Property 'isFrictionShielded' does not exist on type 'SystemBus'.
[APP] src/components/IopicIdentityVault.vue(88,5): error TS2339: Property 'isGlobalPurgeActive' does not exist on type 'SystemBus'.
[APP] src/components/IopicIdentityVault.vue(89,5): error TS2339: Property 'triggerGlobalPurge' does not exist on type 'SystemBus'.
[APP] src/components/IopicIdentityVault.vue(90,5): error TS2339: Property 'currentNoiseLevel' does not exist on type 'SystemBus'.
[APP] src/components/IopicIdentityVault.vue(91,5): error TS2339: Property 'autoFocusActive' does not exist on type 'SystemBus'.
[APP] src/components/IopicIdentityVault.vue(92,5): error TS2339: Property 'lockBit' does not exist on type 'SystemBus'.
[APP] src/components/IopicIdentityVault.vue(93,5): error TS2339: Property 'addLog' does not exist on type 'SystemBus'.
[APP] src/components/IopicIdentityVault.vue(94,5): error TS2339: Property 'setSyncing' does not exist on type 'SystemBus'.
[APP] src/components/IopicIdentityVault.vue(95,5): error TS2339: Property 'setSynced' does not exist on type 'SystemBus'.
[APP] src/components/IopicIdentityVault.vue(96,5): error TS2339: Property 'isIOsticAcknowledged' does not exist on type 'SystemBus'.
[APP] src/components/IopicITComponent.vue(364,34): error TS6307: File 'C:/IO/IC/IopicBroadcast.ts' is not listed within the file list of project 'C:/IO/IC/tsconfig.app.json'. Projects must list all files or use an 'include' pattern.
[APP] src/components/IopicKernel.spec.ts(2,29): error TS2307: Cannot find module '../IopicKernel' or its corresponding type declarations.
[APP] src/components/IopicKernelLog.vue(32,9): error TS2339: Property 'kernelLogs' does not exist on type 'SystemBus'.
[APP] src/components/IopicKernelLog.vue(32,21): error TS2339: Property 'clearLogs' does not exist on type 'SystemBus'.
[APP] src/components/IopicKernelLog.vue(32,32): error TS2339: Property 'activeTraceBit' does not exist on type 'SystemBus'.
[APP] src/components/IopicKernelLog.vue(32,48): error TS2339: Property 'setTraceBit' does not exist on type 'SystemBus'.
[APP] src/components/IopicLifetimePremium.vue(52,9): error TS2339: Property 'lockBit' does not exist on type 'SystemBus'.
[APP] src/components/IopicLoginGate.vue(137,5): error TS2339: Property 'isGlobalPurgeActive' does not exist on type 'SystemBus'.
[APP] src/components/IopicLoginGate.vue(138,5): error TS2339: Property 'isLowPower' does not exist on type 'SystemBus'.
[APP] src/components/IopicLoginGate.vue(139,5): error TS2339: Property 'isScreenReaderDetected' does not exist on type 'SystemBus'.
[APP] src/components/IopicLoginGate.vue(140,5): error TS2339: Property 'isIOsticAcknowledged' does not exist on type 'SystemBus'.
[APP] src/components/IopicLoginGate.vue(141,5): error TS2339: Property 'lockBit' does not exist on type 'SystemBus'.
[APP] src/components/IopicLoginGate.vue(142,5): error TS2339: Property 'setSyncing' does not exist on type 'SystemBus'.
[APP] src/components/IopicLoginGate.vue(143,5): error TS2339: Property 'setSynced' does not exist on type 'SystemBus'.
[APP] src/components/IopicManifestoViewer.vue(43,9): error TS2339: Property 'isGlobalPurgeActive' does not exist on type 'SystemBus'.
[APP] src/components/IopicManifestoViewer.vue(43,30): error TS2339: Property 'lockBit' does not exist on type 'SystemBus'.
[APP] src/components/IopicManifestoViewer.vue(43,39): error TS2339: Property 'manifestoThreads' does not exist on type 'SystemBus'.
[APP] src/components/IopicMDI.vue(107,30): error TS7016: Could not find a declaration file for module '../composables/useSystemBus'. 'C:/IO/IC/src/composables/useSystemBus.js' implicitly has an 'any' type.
[APP] src/components/IopicMDI.vue(160,21): error TS2304: Cannot find name 'Thread'.
[APP] src/components/IopicMemberRegistry.vue(66,9): error TS2339: Property 'lockBit' does not exist on type 'SystemBus'.
[APP] src/components/IopicNoiseScanner.ts(7,9): error TS2339: Property 'triggerGlobalPurge' does not exist on type 'SystemBus'.
[APP] src/components/IopicNoiseScanner.ts(7,29): error TS2339: Property 'currentNoiseLevel' does not exist on type 'SystemBus'.
[APP] src/components/IopicNoiseScanner.ts(7,48): error TS2339: Property 'addToQuarantine' does not exist on type 'SystemBus'.
[APP] src/components/IopicOrderGate.vue(66,9): error TS2339: Property 'isGlobalPurgeActive' does not exist on type 'SystemBus'.
[APP] src/components/IopicOrderGate.vue(66,30): error TS2339: Property 'currentNoiseLevel' does not exist on type 'SystemBus'.
[APP] src/components/IopicOrderGate.vue(66,49): error TS2339: Property 'lockBit' does not exist on type 'SystemBus'.
[APP] src/components/IopicOrderGate.vue(66,58): error TS2339: Property 'setSyncing' does not exist on type 'SystemBus'.
[APP] src/components/IopicOrderGate.vue(66,70): error TS2339: Property 'setSynced' does not exist on type 'SystemBus'.
[APP] src/components/IopicOrderGate.vue(66,81): error TS2339: Property 'addLog' does not exist on type 'SystemBus'.
[APP] src/components/IopicPaperGateway.vue(50,9): error TS2339: Property 'lockBit' does not exist on type 'SystemBus'.
[APP] src/components/IopicPaperGateway.vue(50,18): error TS2339: Property 'isGlobalPurgeActive' does not exist on type 'SystemBus'.
[APP] src/components/IopicPeaceIndicator.vue(36,10): error TS2305: Module '"../IopicPeaceSync"' has no exported member 'IopicPeaceSync'.
[APP] src/components/IopicPeaceIndicator.vue(38,30): error TS7016: Could not find a declaration file for module '../composables/useSystemBus'. 'C:/IO/IC/src/composables/useSystemBus.js' implicitly has an 'any' type.
[APP] src/components/IopicQRCode.vue(17,20): error TS7016: Could not find a declaration file for module 'qrcode'. 'C:/IO/IC/node_modules/qrcode/lib/index.js' implicitly has an 'any' type.
[APP]   Try `npm i --save-dev @types/qrcode` if it exists or add a new declaration (.d.ts) file containing `declare module 'qrcode';`
[APP] src/components/IopicQuarantineVault.vue(61,9): error TS2339: Property 'quarantinedItems' does not exist on type 'SystemBus'.
[APP] src/components/IopicQuarantineVault.vue(61,27): error TS2339: Property 'isGlobalPurgeActive' does not exist on type 'SystemBus'.
[APP] src/components/IopicQuarantineVault.vue(61,48): error TS2339: Property 'removeFromQuarantine' does not exist on type 'SystemBus'.
[APP] src/components/IopicQuarantineVault.vue(61,70): error TS2339: Property 'clearQuarantine' does not exist on type 'SystemBus'.
[APP] src/components/IopicRide.vue(46,29): error TS2339: Property 'status' does not exist on type 'Promise<any>'.
[APP] src/components/IopicTalk.vue(102,9): error TS2339: Property 'currentNoiseLevel' does not exist on type 'SystemBus'.
[APP] src/components/IopicTalk.vue(145,5): error TS2322: Type 'Promise<DocumentData>' is not assignable to type 'Record<string, number>'.
[APP]   Index signature for type 'string' is missing in type 'Promise<DocumentData>'.
[APP] src/components/IopicTrinitySync.vue(84,9): error TS2339: Property 'lockBit' does not exist on type 'SystemBus'.
[APP] src/components/IopicVelocityDashboard.vue(69,9): error TS2339: Property 'isGlobalPurgeActive' does not exist on type 'SystemBus'.
[APP] src/components/IopicVisualizer.vue(20,30): error TS7016: Could not find a declaration file for module '../composables/useSystemBus'. 'C:/IO/IC/src/composables/useSystemBus.js' implicitly has an 'any' type.
[APP] src/components/IopicZKPVault.vue(338,29): error TS2345: Argument of type 'Wallet | HDNodeWallet' is not assignable to parameter of type 'Wallet'.
[APP]   Type 'HDNodeWallet' is not assignable to type 'Wallet'.
[APP]     Property '#private' in type 'HDNodeWallet' refers to a different member that cannot be accessed from within type 'Wallet'.
[APP] src/components/MyCoinx.vue(110,34): error TS2307: Cannot find module 'vue-qrcode-reader' or its corresponding type declarations.
[APP] src/components/Order.vue(244,17): error TS2339: Property 'deductStake' does not exist on type 'Store<"nodeStore", Pick<{ currentHz: Ref<number, number>; initializationStakeValue: Ref<number, number>; currentEntityBalance: Ref<number, number>; isCircuitActivated: Ref<...>; fiatRepatriableCeiling: Ref<...>; nodeState: { ...; }; checkStakeSymmetry: ComputedRef<...>; }, "currentHz" | ... 4 more ... | "nodeState">...'.
[APP] src/components/Order.vue(297,15): error TS2339: Property 'deductStake' does not exist on type 'Store<"nodeStore", Pick<{ currentHz: Ref<number, number>; initializationStakeValue: Ref<number, number>; currentEntityBalance: Ref<number, number>; isCircuitActivated: Ref<...>; fiatRepatriableCeiling: Ref<...>; nodeState: { ...; }; checkStakeSymmetry: ComputedRef<...>; }, "currentHz" | ... 4 more ... | "nodeState">...'.
[APP] src/components/OrderDeliveryTracker.vue(20,28): error TS1484: 'OrderDeliveryEvent' is a type and must be imported using a type-only import when 'verbatimModuleSyntax' is enabled.
[APP] src/components/OrderTaker.vue(111,23): error TS2339: Property 'status' does not exist on type '{ id: string; }'.
[APP] src/components/PrefetchLoadingBar.vue(2,47): error TS2307: Cannot find module '@/directives/prefetch' or its corresponding type declarations.
[APP] src/components/Rider.vue(2,21): error TS2339: Property 'showMap' does not exist on type 'CreateComponentPublicInstanceWithMixins<ToResolvedProps<{}, {}>, { MapDisplay: DefineComponent<__VLS_Props, {}, {}, {}, {}, ComponentOptionsMixin, ComponentOptionsMixin, ... 12 more ..., any>; ... 10 more ...; openChat: (rideId: string) => void; }, ... 23 more ..., {}>'.
[APP] src/components/Rider.vue(2,61): error TS2339: Property 'mapLat' does not exist on type 'CreateComponentPublicInstanceWithMixins<ToResolvedProps<{}, {}>, { MapDisplay: DefineComponent<__VLS_Props, {}, {}, {}, {}, ComponentOptionsMixin, ComponentOptionsMixin, ... 12 more ..., any>; ... 10 more ...; openChat: (rideId: string) => void; }, ... 23 more ..., {}>'.
[APP] src/components/Rider.vue(2,81): error TS2339: Property 'mapLng' does not exist on type 'CreateComponentPublicInstanceWithMixins<ToResolvedProps<{}, {}>, { MapDisplay: DefineComponent<__VLS_Props, {}, {}, {}, {}, ComponentOptionsMixin, ComponentOptionsMixin, ... 12 more ..., any>; ... 10 more ...; openChat: (rideId: string) => void; }, ... 23 more ..., {}>'.
[APP] src/components/Rider.vue(2,102): error TS2339: Property 'mapMarkerText' does not exist on type 'CreateComponentPublicInstanceWithMixins<ToResolvedProps<{}, {}>, { MapDisplay: DefineComponent<__VLS_Props, {}, {}, {}, {}, ComponentOptionsMixin, ComponentOptionsMixin, ... 12 more ..., any>; ... 10 more ...; openChat: (rideId: string) => void; }, ... 23 more ..., {}>'.
[APP] src/components/Rider.vue(153,73): error TS1484: 'Unsubscribe' is a type and must be imported using a type-only import when 'verbatimModuleSyntax' is enabled.
[APP] src/components/Rider.vue(154,30): error TS2307: Cannot find module '../stores/user' or its corresponding type declarations.
[APP] src/components/Room.vue(31,26): error TS7016: Could not find a declaration file for module 'vuex'. 'C:/IO/IC/node_modules/vuex/dist/vuex.mjs' implicitly has an 'any' type.
[APP]   There are types at 'C:/IO/IC/node_modules/vuex/types/index.d.ts', but this result could not be resolved when respecting package.json "exports". The 'vuex' library may need to update its package.json or typings.
[APP] src/components/Room.vue(75,5): error TS2349: This expression is not callable.
[APP]   Type 'never' has no call signatures.
[APP] src/components/Self.vue(99,10): error TS2614: Module '"*.vue"' has no exported member 'useGlobalMandates'. Did you mean to use 'import useGlobalMandates from "*.vue"' instead?
[APP] src/components/Self.vue(292,11): error TS2339: Property 'verifyGrounding' does not exist on type 'SpiceUtility'.
[APP] src/components/server.ts(1,29): error TS2307: Cannot find module 'msw/node' or its corresponding type declarations.
[APP] src/components/Syncronize.vue(56,26): error TS7016: Could not find a declaration file for module 'vuex'. 'C:/IO/IC/node_modules/vuex/dist/vuex.mjs' implicitly has an 'any' type.
[APP]   There are types at 'C:/IO/IC/node_modules/vuex/types/index.d.ts', but this result could not be resolved when respecting package.json "exports". The 'vuex' library may need to update its package.json or typings.
[APP] src/components/useInviteManagement.spec.ts(9,39): error TS2307: Cannot find module '../__mocks__/firebase/firestore' or its corresponding type declarations.
[APP] src/components/useInviteManagement.spec.ts(25,8): error TS2307: Cannot find module '../__mocks__/firebase/firestore' or its corresponding type declarations.
[APP] src/components/useInviteManagement.spec.ts(155,13): error TS2339: Property 'invitees' does not exist on type '{ newName: Ref<string, string>; newLevel: Ref<string, string>; inviteePays: Ref<boolean, boolean>; isSubmitting: Ref<boolean, boolean>; addInvitee: () => Promise<void>; }'.
[APP] src/components/useInviteManagement.spec.ts(155,23): error TS2339: Property 'loading' does not exist on type '{ newName: Ref<string, string>; newLevel: Ref<string, string>; inviteePays: Ref<boolean, boolean>; isSubmitting: Ref<boolean, boolean>; addInvitee: () => Promise<void>; }'.
[APP] src/components/useInviteManagement.spec.ts(155,32): error TS2339: Property 'connectToProtocol' does not exist on type '{ newName: Ref<string, string>; newLevel: Ref<string, string>; inviteePays: Ref<boolean, boolean>; isSubmitting: Ref<boolean, boolean>; addInvitee: () => Promise<void>; }'.
[APP] src/components/useSystemBus.spec.ts(9,9): error TS2339: Property 'isIOsticAcknowledged' does not exist on type 'SystemBus'.
[APP] src/components/useSystemBus.spec.ts(17,13): error TS2339: Property 'isIOsticAcknowledged' does not exist on type 'SystemBus'.
[APP] src/components/useSystemBus.spec.ts(25,9): error TS2339: Property 'addLog' does not exist on type 'SystemBus'.
[APP] src/components/useSystemBus.spec.ts(40,9): error TS2339: Property 'lockBit' does not exist on type 'SystemBus'.
[APP] src/components/useSystemBus.spec.ts(52,16): error TS2339: Property 'isIOsticAcknowledged' does not exist on type 'SystemBus'.
[APP] src/components/useSystemBus.spec.ts(55,23): error TS2339: Property 'isIOsticAcknowledged' does not exist on type 'SystemBus'.
[APP] src/components/Video.vue(122,10): error TS2305: Module '"../../trustStore"' has no exported member 'useTrustStore'.
[APP] src/composables/useAuth.spec.ts(34,10): error TS2540: Cannot assign to 'currentUser' because it is a read-only property.
[APP] src/composables/useAuth.spec.ts(118,10): error TS2540: Cannot assign to 'currentUser' because it is a read-only property.
[APP] src/composables/useError.ts(3,26): error TS6307: File 'C:/IO/IC/api.ts' is not listed within the file list of project 'C:/IO/IC/tsconfig.app.json'. Projects must list all files or use an 'include' pattern.
[APP]   The file is in the program because:
[APP]     Imported via '../../api' from file 'C:/IO/IC/src/composables/useError.ts'
[APP]     Imported via '../api' from file 'C:/IO/IC/src/useChunkedUpload.ts'
[APP] src/composables/useProfileManagement.ts(12,5): error TS2322: Type '{ name: string; id: number; }' is not assignable to type 'null'.
[APP] src/EntityOnboarding.vue(85,32): error TS2307: Cannot find module '../firebase' or its corresponding type declarations.
[APP] src/EntityOnboarding.vue(88,51): error TS2307: Cannot find module '../composables/FaceAuth' or its corresponding type declarations.
[APP] src/EntityOnboarding.vue(89,32): error TS2307: Cannot find module '../composables/GeoTools' or its corresponding type declarations.
[APP] src/firestore.rules.spec.ts(6,8): error TS2307: Cannot find module '@firebase/rules-unit-testing' or its corresponding type declarations.
[APP] src/firestore.rules.spec.ts(42,52): error TS7006: Parameter 'context' implicitly has an 'any' type.
[APP] src/firestore.rules.spec.ts(69,52): error TS7006: Parameter 'context' implicitly has an 'any' type.
[APP] src/firestore.ts(77,14): error TS7022: 'query' implicitly has type 'any' because it does not have a type annotation and is referenced directly or indirectly in its own initializer.
[APP] src/firestore.ts(77,28): error TS7024: Function implicitly has return type 'any' because it does not have a return type annotation and is referenced directly or indirectly in one of its return expressions.
[APP] src/firestore.ts(77,92): error TS2352: Conversion of type '{ type: "query"; firestore: any; withConverter: Mock<[], any>; }' to type 'Query<DocumentData, DocumentData>' may be a mistake because neither type sufficiently overlaps with the other. If this was intentional, convert the expression to 'unknown' first.
[APP]   Property 'converter' is missing in type '{ type: "query"; firestore: any; withConverter: Mock<[], any>; }' but required in type 'Query<DocumentData, DocumentData>'.
[APP] src/firestore.ts(80,24): error TS7024: Function implicitly has return type 'any' because it does not have a return type annotation and is referenced directly or indirectly in one of its return expressions.
[APP] src/firestore.ts(133,92): error TS2352: Conversion of type '{ type: "query"; firestore: any; withConverter: Mock<[], any>; }' to type 'Query<DocumentData, DocumentData>' may be a mistake because neither type sufficiently overlaps with the other. If this was intentional, convert the expression to 'unknown' first.
[APP]   Property 'converter' is missing in type '{ type: "query"; firestore: any; withConverter: Mock<[], any>; }' but required in type 'Query<DocumentData, DocumentData>'.
[APP] src/FirestoreBatcher.ts(8,69): error TS2304: Cannot find name 'Thread'.
[APP] src/GlobalLiberation.ts(24,29): error TS7006: Parameter 'node' implicitly has an 'any' type.
[APP] src/googleDriveInvitation.ts(25,17): error TS2339: Property 'load' does not exist on type 'typeof gapi'.
[APP] src/googleDriveInvitation.ts(31,28): error TS2339: Property 'init' does not exist on type 'typeof client'.
[APP] src/googleDriveInvitation.ts(37,36): error TS2339: Property 'auth2' does not exist on type 'typeof gapi'.
[APP] src/Home.vue(153,15): error TS2339: Property 'logout' does not exist on type '{ user: Ref<{ readonly emailVerified: boolean; readonly isAnonymous: boolean; readonly metadata: { readonly creationTime?: string | undefined; readonly lastSignInTime?: string | undefined; }; ... 13 more ...; readonly uid: string; } | null, User | ... 1 more ... | null>; ... 7 more ...; clearError: () => void; }'.
[APP] src/HomePage.vue(213,15): error TS2339: Property 'logout' does not exist on type '{ user: Ref<{ readonly emailVerified: boolean; readonly isAnonymous: boolean; readonly metadata: { readonly creationTime?: string | undefined; readonly lastSignInTime?: string | undefined; }; ... 13 more ...; readonly uid: string; } | null, User | ... 1 more ... | null>; ... 7 more ...; clearError: () => void; }'.
[APP] src/IopicLiberation.ts(11,10): error TS1484: 'Node' is a type and must be imported using a type-only import when 'verbatimModuleSyntax' is enabled.
[APP] src/IopicSecretManager.ts(29,32): error TS2322: Type 'Uint8Array<ArrayBufferLike>' is not assignable to type 'BufferSource'.
[APP]   Type 'Uint8Array<ArrayBufferLike>' is not assignable to type 'ArrayBufferView<ArrayBuffer>'.
[APP]     Types of property 'buffer' are incompatible.
[APP]       Type 'ArrayBufferLike' is not assignable to type 'ArrayBuffer'.
[APP]         Type 'SharedArrayBuffer' is missing the following properties from type 'ArrayBuffer': resizable, resize, detached, transfer, transferToFixedLength
[APP] src/IopicSecretManager.ts(71,32): error TS2322: Type 'Uint8Array<ArrayBufferLike>' is not assignable to type 'BufferSource'.
[APP]   Type 'Uint8Array<ArrayBufferLike>' is not assignable to type 'ArrayBufferView<ArrayBuffer>'.
[APP]     Types of property 'buffer' are incompatible.
[APP]       Type 'ArrayBufferLike' is not assignable to type 'ArrayBuffer'.
[APP]         Type 'SharedArrayBuffer' is missing the following properties from type 'ArrayBuffer': resizable, resize, detached, transfer, transferToFixedLength
[APP] src/IopicSecretManager.ts(94,17): error TS2322: Type 'Uint8Array<ArrayBufferLike>' is not assignable to type 'BufferSource'.
[APP]   Type 'Uint8Array<ArrayBufferLike>' is not assignable to type 'ArrayBufferView<ArrayBuffer>'.
[APP]     Types of property 'buffer' are incompatible.
[APP]       Type 'ArrayBufferLike' is not assignable to type 'ArrayBuffer'.
[APP]         Type 'SharedArrayBuffer' is missing the following properties from type 'ArrayBuffer': resizable, resize, detached, transfer, transferToFixedLength
[APP] src/MyAuthComponent.spec.ts(14,8): error TS2307: Cannot find module '../__mocks__/useAuth' or its corresponding type declarations.
[APP] src/MyAuthComponent.spec.ts(30,61): error TS2304: Cannot find name 'useAuth'.
[APP] src/MyPeers.vue(193,25): error TS6307: File 'C:/IO/IC/useAuth.ts' is not listed within the file list of project 'C:/IO/IC/tsconfig.app.json'. Projects must list all files or use an 'include' pattern.
[APP]   The file is in the program because:
[APP]     Imported via '../useAuth' from file 'C:/IO/IC/src/MyPeers.vue'
[APP]     Imported via '../useAuth' from file 'C:/IO/IC/src/authStore.ts'
[APP]     Imported via '../useAuth' from file 'C:/IO/IC/src/useCart.ts'
[APP]     Imported via '../useAuth' from file 'C:/IO/IC/src/useDashboardData.ts'
[APP] src/notifyBackend.ts(3,26): error TS2307: Cannot find module './api' or its corresponding type declarations.
[APP] src/notifyBackend.ts(5,41): error TS7006: Parameter 'orderId' implicitly has an 'any' type.
[APP] src/notifyBackend.ts(5,50): error TS7006: Parameter 'status' implicitly has an 'any' type.
[APP] src/notifyBackend.ts(5,58): error TS7006: Parameter 'channels' implicitly has an 'any' type.
[APP] src/notifyBackend.ts(5,68): error TS7006: Parameter 'recipient' implicitly has an 'any' type.
[APP] src/orderTakerModel.ts(88,7): error TS2322: Type 'string | null' is not assignable to type 'string | undefined'.
[APP]   Type 'null' is not assignable to type 'string | undefined'.
[APP] src/orderTakerModel.ts(95,7): error TS2322: Type '{ lat: number; lon: number; alt?: number | undefined; } | null' is not assignable to type '{ lat: number; lon: number; alt?: number | undefined; } | undefined'.
[APP]   Type 'null' is not assignable to type '{ lat: number; lon: number; alt?: number | undefined; } | undefined'.
[APP] src/ResonancePool.ts(6,17): error TS2304: Cannot find name 'ResonanceSignature'.
[APP] src/ResonancePool.ts(20,47): error TS2304: Cannot find name 'ResonanceSignature'.
[APP] src/ResonancePool.ts(31,22): error TS2304: Cannot find name 'ResonanceSignature'.
[APP] src/Sandbox.vue(170,34): error TS2339: Property 'verificationHash' does not exist on type '{ valid: boolean; address: string; timestamp: string; payload?: any; timestampValid: boolean; timestampNearExpiration: boolean; timeRemaining?: string | undefined; type?: "Charter" | "Bond" | "Unknown" | undefined; }'.
[APP] src/Sandbox.vue(172,68): error TS2339: Property 'verificationHash' does not exist on type '{ valid: boolean; address: string; timestamp: string; payload?: any; timestampValid: boolean; timestampNearExpiration: boolean; timeRemaining?: string | undefined; type?: "Charter" | "Bond" | "Unknown" | undefined; }'.
[APP] src/Sandbox.vue(261,17): error TS2353: Object literal may only specify known properties, and 'verificationHash' does not exist in type '{ valid: boolean; address: string; timestamp: string; payload?: any; timestampValid: boolean; timestampNearExpiration: boolean; timeRemaining?: string | undefined; type?: "Charter" | "Bond" | "Unknown" | undefined; } | { ...; }'.
[APP] src/services/ISAAC.ts(11,10): error TS1484: 'SymmetryResult' is a type and must be imported using a type-only import when 'verbatimModuleSyntax' is enabled.
[APP] src/services/StripeCRUD.ts(2,38): error TS2307: Cannot find module '@/api' or its corresponding type declarations.
[APP] src/services/unlock-symmetry.ts(3,10): error TS1484: 'SymmetryResult' is a type and must be imported using a type-only import when 'verbatimModuleSyntax' is enabled.
[APP] src/stores/auditStore.ts(50,17): error TS7022: 'q' implicitly has type 'any' because it does not have a type annotation and is referenced directly or indirectly in its own initializer.
[APP] src/stores/auditStore.ts(54,17): error TS7022: 'snapshot' implicitly has type 'any' because it does not have a type annotation and is referenced directly or indirectly in its own initializer.
[APP] src/stores/auditStore.ts(57,28): error TS7006: Parameter 'doc' implicitly has an 'any' type.
[APP] src/stores/bankLinking.ts(64,15): error TS2339: Property 'session' does not exist on type 'FinancialConnectionsSessionResult'.
[APP] src/stores/bankLinking.ts(64,15): error TS2339: Property 'session' does not exist on type '{ financialConnectionsSession: FinancialConnectionsSession; error?: undefined; }'.
[APP] src/stores/walletStore.ts(38,7): error TS2304: Cannot find name 'getBalance'.
[APP] src/stores/walletStore.ts(58,5): error TS18004: No value exists in scope for the shorthand property 'getBalance'. Either declare one or provide an initializer.
[APP] src/types/auth.ts(1,10): error TS1484: 'User' is a type and must be imported using a type-only import when 'verbatimModuleSyntax' is enabled.
[APP] src/useBankLinking.ts(1,10): error TS2305: Module '"vitest"' has no exported member 'ref'.
[APP] src/useBankLinking.ts(24,56): error TS7006: Parameter 'bank' implicitly has an 'any' type.
[APP] src/useCart.ts(3,20): error TS2307: Cannot find module '../firebase' or its corresponding type declarations.
[APP] src/useDashboardData.ts(4,20): error TS2307: Cannot find module '../firebase' or its corresponding type declarations.
[APP] src/useDashboardData.ts(5,32): error TS2307: Cannot find module '../firestoreUtils' or its corresponding type declarations.
[APP] src/useDashboardData.ts(6,29): error TS2307: Cannot find module '../orderTakerModel' or its corresponding type declarations.
[APP] src/useDashboardData.ts(77,8): error TS7006: Parameter 'snap' implicitly has an 'any' type.
[APP] src/useDashboardData.ts(100,56): error TS7006: Parameter 'snap' implicitly has an 'any' type.
[APP] src/useDashboardData.ts(101,40): error TS7006: Parameter 'd' implicitly has an 'any' type.
[APP] src/useDashboardData.ts(105,71): error TS7006: Parameter 'snap' implicitly has an 'any' type.
[APP] src/useInstanceHomeData.ts(3,20): error TS2307: Cannot find module '../firebase-config' or its corresponding type declarations.
[APP] src/usePersistence.spec.ts(4,32): error TS2307: Cannot find module '../orderTakerModel' or its corresponding type declarations.
[APP] src/usePersistence.ts(2,32): error TS2307: Cannot find module '../orderTakerModel' or its corresponding type declarations.
[APP] src/useProfileManagement.spec.ts(15,39): error TS2307: Cannot find module './__mocks__/firebase/firestore' or its corresponding type declarations.
[APP] src/useProfileManagement.spec.ts(23,54): error TS2307: Cannot find module './__mocks__/firebase/firestore' or its corresponding type declarations.
[APP] src/useProfileManagement.spec.ts(73,38): error TS2304: Cannot find name 'db'.
[APP] src/useSystemBus.ts(3,31): error TS2307: Cannot find module '../useIOSettings' or its corresponding type declarations.
[APP] src/useTasks.spec.ts(41,44): error TS2345: Argument of type '{ ok: true; json: () => Promise<{ data: { uniqueId: string; title: string; isCompleted: boolean; }[]; }>; }' is not assignable to parameter of type 'Response'.
[APP]   Type '{ ok: true; json: () => Promise<{ data: { uniqueId: string; title: string; isCompleted: boolean; }[]; }>; }' is missing the following properties from type 'Response': headers, redirected, status, statusText, and 10 more.
[APP] src/useTasks.spec.ts(70,44): error TS2345: Argument of type '{ ok: false; }' is not assignable to parameter of type 'Response'.
[APP]   Type '{ ok: false; }' is missing the following properties from type 'Response': headers, redirected, status, statusText, and 11 more.
[APP] src/useTasks.spec.ts(83,44): error TS2345: Argument of type '{ ok: true; }' is not assignable to parameter of type 'Response'.
[APP]   Type '{ ok: true; }' is missing the following properties from type 'Response': headers, redirected, status, statusText, and 11 more.
[APP] src/useTasks.spec.ts(102,44): error TS2345: Argument of type '{ ok: true; }' is not assignable to parameter of type 'Response'.
[APP]   Type '{ ok: true; }' is missing the following properties from type 'Response': headers, redirected, status, statusText, and 11 more.
[APP] src/utils/apiFetch.ts(2,10): error TS2724: '"firebase/app-check"' has no exported member named 'getAppCheck'. Did you mean 'AppCheck'?
[APP] src/views/Commerce.vue(95,49): error TS2339: Property 'val' does not exist on type 'QueryDocumentSnapshot<DocumentData, DocumentData>'.
[APP] src/views/Earth.vue(62,19): error TS2339: Property 'ideals' does not exist on type '{ readonly emailVerified: boolean; readonly isAnonymous: boolean; readonly metadata: { readonly creationTime?: string | undefined; readonly lastSignInTime?: string | undefined; }; ... 13 more ...; readonly uid: string; }'.
[APP] src/views/Earth.vue(63,37): error TS2339: Property 'ideals' does not exist on type '{ readonly emailVerified: boolean; readonly isAnonymous: boolean; readonly metadata: { readonly creationTime?: string | undefined; readonly lastSignInTime?: string | undefined; }; ... 13 more ...; readonly uid: string; }'.
[APP] src/views/EntityMenu.vue(81,24): error TS2339: Property 'imagePreview' does not exist on type 'CreateComponentPublicInstanceWithMixins<ToResolvedProps<ExtractPropTypes<{ entityName: { type: StringConstructor; default: string; }; entityId: { type: StringConstructor; required: true; }; menuData: { type: () => MenuItem[]; default: () => never[]; }; accessSource: { ...; }; }>, { ...; }>, ... 24 more ..., { ...; }>'.
[APP] src/views/EntityMenu.vue(83,26): error TS2339: Property 'imagePreview' does not exist on type 'CreateComponentPublicInstanceWithMixins<ToResolvedProps<ExtractPropTypes<{ entityName: { type: StringConstructor; default: string; }; entityId: { type: StringConstructor; required: true; }; menuData: { type: () => MenuItem[]; default: () => never[]; }; accessSource: { ...; }; }>, { ...; }>, ... 24 more ..., { ...; }>'.
[APP] src/views/EntityMenu.vue(84,31): error TS2339: Property 'clearSighting' does not exist on type 'CreateComponentPublicInstanceWithMixins<ToResolvedProps<ExtractPropTypes<{ entityName: { type: StringConstructor; default: string; }; entityId: { type: StringConstructor; required: true; }; menuData: { type: () => MenuItem[]; default: () => never[]; }; accessSource: { ...; }; }>, { ...; }>, ... 24 more ..., { ...; }>'.
[APP] src/views/EntityMenu.vue(155,24): error TS7006: Parameter 'status' implicitly has an 'any' type.
[APP] src/views/EntityMenu.vue(265,9): error TS2339: Property 'checkSymmetryMandate' does not exist on type '{ globalMandateRegistry: Mandate[]; processSymmetryMandate: (nodePulse: number, lowestGroundedNodePulse: number) => number; reconcileNodeNeeds: (nodeId: string, currentResonance: number) => void; ... 27 more ...; cleanup: () => void; }'.
[APP] src/views/EntityMenu.vue(362,7): error TS2304: Cannot find name 'imagePreview'.
[APP] src/views/EntityMenu.vue(362,47): error TS2304: Cannot find name 'imagePreview'.
[APP] src/views/EntityMenu.vue(427,5): error TS2304: Cannot find name 'clearSighting'.
[APP] src/views/EntityMenu.vue(772,35): error TS6307: File 'c:/IO/IC/ReusableMandate.vue' is not listed within the file list of project 'C:/IO/IC/tsconfig.app.json'. Projects must list all files or use an 'include' pattern.
[APP]   The file is in the program because:
[APP]     Imported via 'c:/IO/IC/ReusableMandate.vue' from file 'C:/IO/IC/src/views/EntityMenu.vue'
[APP]     Imported via './ReusableMandate.vue' from file 'c:/IO/IC/ReusableMandate.vue'
[APP]     Imported via '../../ReusableMandate.vue' from file 'C:/IO/IC/src/components/Exchange.vue'
[APP]     Imported via '../../ReusableMandate.vue' from file 'C:/IO/IC/src/components/SPICE.vue'
[APP]     Imported via '../../../ReusableMandate.vue' from file 'C:/IO/IC/src/components/ime/AdminDashBoard.vue'
[APP] src/views/HomePage.vue(455,48): error TS2307: Cannot find module '@/api' or its corresponding type declarations.
[APP] src/views/HomePage.vue(869,9): error TS2322: Type 'number' is not assignable to type 'Timeout'.
[APP] src/views/HomePage.vue(872,9): error TS2322: Type 'number' is not assignable to type 'Timeout'.
[APP] src/views/IoHome.vue(192,17): error TS2339: Property 'isAuthenticated' does not exist on type 'Store<"authStore", Pick<{ currentUser: ComputedRef<{ readonly emailVerified: boolean; readonly isAnonymous: boolean; readonly metadata: { readonly creationTime?: string | undefined; readonly lastSignInTime?: string | undefined; }; ... 13 more ...; readonly uid: string; } | null>; isInitialLoad: ComputedRef<...>; aut...'.
[APP] src/views/OnboardingView.vue(169,33): error TS2339: Property 'country' does not exist on type 'NodeLocation'.
[APP] src/views/OnboardingView.vue(176,17): error TS2540: Cannot assign to 'value' because it is a read-only property.
[APP] src/views/OnboardingView.vue(188,17): error TS2540: Cannot assign to 'value' because it is a read-only property.
[APP] src/views/OnboardingView.vue(214,17): error TS2540: Cannot assign to 'value' because it is a read-only property.
[APP] src/views/RepatriationDash.vue(53,19): error TS2769: No overload matches this call.
[APP]   Overload 1 of 2, '(typedArray: BigInt64Array<ArrayBufferLike> | BigUint64Array<ArrayBufferLike>, index: number, value: bigint): bigint', gave the following error.
[APP]     Argument of type '{ [x: number]: number; readonly BYTES_PER_ELEMENT: number; readonly buffer: { readonly byteLength: number; slice: (begin?: number | undefined, end?: number | undefined) => SharedArrayBuffer; readonly growable: boolean; readonly maxByteLength: number; grow: (newByteLength?: number | undefined) => void; readonly [Symb...' is not assignable to parameter of type 'BigInt64Array<ArrayBufferLike> | BigUint64Array<ArrayBufferLike>'.
[APP]       Type '{ [x: number]: number; readonly BYTES_PER_ELEMENT: number; readonly buffer: { readonly byteLength: number; slice: (begin?: number | undefined, end?: number | undefined) => SharedArrayBuffer; readonly growable: boolean; readonly maxByteLength: number; grow: (newByteLength?: number | undefined) => void; readonly [Symb...' is not assignable to type 'BigUint64Array<ArrayBufferLike>'.
[APP]         The types returned by 'copyWithin(...).entries()' are incompatible between these types.
[APP]           Type 'ArrayIterator<[number, number]>' is not assignable to type 'ArrayIterator<[number, bigint]>'.
[APP]             Type '[number, number]' is not assignable to type '[number, bigint]'.
[APP]               Type at position 1 in source is not compatible with type at position 1 in target.
[APP]                 Type 'number' is not assignable to type 'bigint'.
[APP]   Overload 2 of 2, '(typedArray: Uint8Array<ArrayBufferLike> | Int8Array<ArrayBufferLike> | Int16Array<ArrayBufferLike> | Uint16Array<...> | Int32Array<...> | Uint32Array<...>, index: number, value: number): number', gave the following error.
[APP]     Argument of type '{ [x: number]: number; readonly BYTES_PER_ELEMENT: number; readonly buffer: { readonly byteLength: number; slice: (begin?: number | undefined, end?: number | undefined) => SharedArrayBuffer; readonly growable: boolean; readonly maxByteLength: number; grow: (newByteLength?: number | undefined) => void; readonly [Symb...' is not assignable to parameter of type 'Uint8Array<ArrayBufferLike> | Int8Array<ArrayBufferLike> | Int16Array<ArrayBufferLike> | Uint16Array<...> | Int32Array<...> | Uint32Array<...>'.
[APP]       Type '{ [x: number]: number; readonly BYTES_PER_ELEMENT: number; readonly buffer: { readonly byteLength: number; slice: (begin?: number | undefined, end?: number | undefined) => SharedArrayBuffer; readonly growable: boolean; readonly maxByteLength: number; grow: (newByteLength?: number | undefined) => void; readonly [Symb...' is not assignable to type 'Uint32Array<ArrayBufferLike>'.
[APP]         The types of 'copyWithin(...).filter(...).findLast' are incompatible between these types.
[APP]           Type '{ <S extends number>(predicate: (value: number, index: number, array: Float32Array<ArrayBuffer>) => value is S, thisArg?: any): S | undefined; (predicate: (value: number, index: number, array: Float32Array<...>) => unknown, thisArg?: any): number | undefined; }' is not assignable to type '{ <S extends number>(predicate: (value: number, index: number, array: Uint32Array<ArrayBuffer>) => value is S, thisArg?: any): S | undefined; (predicate: (value: number, index: number, array: Uint32Array<...>) => unknown, thisArg?: any): number | undefined; }'.
[APP]             Types of parameters 'predicate' and 'predicate' are incompatible.
[APP]               Type '(value: number, index: number, array: Uint32Array<ArrayBuffer>) => unknown' is not assignable to type '(value: number, index: number, array: Float32Array<ArrayBuffer>) => value is any'.
[APP]                 Signature '(value: number, index: number, array: Uint32Array<ArrayBuffer>): unknown' must be a type predicate.
[APP] npm run type-check:app exited with code 2
